******************************************************************************
                     PRU Linker Unix v2.1.5                    
******************************************************************************
>> Linked Tue Jun 25 11:21:30 2019

OUTPUT FILE NAME:   <gen/PRU0.out>
ENTRY POINT SYMBOL: "_c_int00_noinit_noargs_noexit"  address: 00000000


MEMORY CONFIGURATION

         name            origin    length      used     unused   attr    fill
----------------------  --------  ---------  --------  --------  ----  --------
PAGE 0:
  PRU_IMEM              00000000   00002000  000011a8  00000e58  RWIX

PAGE 1:
  PRU_DMEM_0_1          00000000   00002000  000004f9  00001b07  RWIX
  PRU_DMEM_1_0          00002000   00002000  00000000  00002000  RWIX

PAGE 2:
  PRU_SHAREDMEM         00010000   00003000  00000000  00003000  RWIX
  PRU_INTC              00020000   00001504  00001504  00000000  RWIX
  PRU_CFG               00026000   00000044  00000044  00000000  RWIX
  PRU_UART              00028000   00000038  00000000  00000038  RWIX
  PRU_IEP               0002e000   0000031c  0000031c  00000000  RWIX
  PRU_ECAP              00030000   00000060  00000000  00000060  RWIX
  RSVD27                00032000   00000100  00000000  00000100  RWIX
  RSVD21                00032400   00000100  00000000  00000100  RWIX
  L3OCMC                40000000   00010000  00000000  00010000  RWIX
  MCASP0_DMA            46000000   00000100  00000000  00000100  RWIX
  UART1                 48022000   00000088  00000000  00000088  RWIX
  UART2                 48024000   00000088  00000000  00000088  RWIX
  I2C1                  4802a000   000000d8  00000000  000000d8  RWIX
  MCSPI0                48030000   000001a4  000001a4  00000000  RWIX
  DMTIMER2              48040000   0000005c  00000000  0000005c  RWIX
  MMCHS0                48060000   00000300  00000000  00000300  RWIX
  MBX0                  480c8000   00000140  00000000  00000140  RWIX
  SPINLOCK              480ca000   00000880  00000000  00000880  RWIX
  I2C2                  4819c000   000000d8  00000000  000000d8  RWIX
  MCSPI1                481a0000   000001a4  00000000  000001a4  RWIX
  DCAN0                 481cc000   000001e8  00000000  000001e8  RWIX
  DCAN1                 481d0000   000001e8  00000000  000001e8  RWIX
  PWMSS0                48300000   000002c4  00000000  000002c4  RWIX
  PWMSS1                48302000   000002c4  00000000  000002c4  RWIX
  PWMSS2                48304000   000002c4  00000000  000002c4  RWIX
  RSVD13                48310000   00000100  00000000  00000100  RWIX
  RSVD10                48318000   00000100  00000000  00000100  RWIX
  TPCC                  49000000   00001098  00000000  00001098  RWIX
  GEMAC                 4a100000   0000128c  00000000  0000128c  RWIX
  DDR                   80000000   00000100  00000000  00000100  RWIX


SECTION ALLOCATION MAP

 output                                  attributes/
section   page    origin      length       input sections
--------  ----  ----------  ----------   ----------------
.text:_c_int00* 
*          0    00000000    00000014     
                  00000000    00000014     rtspruv3_le.lib : boot_special.obj (.text:_c_int00_noinit_noargs_noexit)

.text      0    00000014    00001194     
                  00000014    00000340     pru_peripheral.object (.text:INTCinitialize)
                  00000354    000001ac     pru_peripheral.object (.text:McSPIinitialze)
                  00000500    00000170     Main.object (.text:main)
                  00000670    00000114     rtspruv3_le.lib : divu_c.obj (.text:__pruabi_divu)
                  00000784    000000d8     rpmsg_lib.lib : pru_rpmsg.object (.text:pru_rpmsg_send)
                  0000085c    000000c4     rtspruv3_le.lib : remu_c.obj (.text:__pruabi_remu)
                  00000920    000000c4     rpmsg_lib.lib : pru_rpmsg.object (.text:pru_rpmsg_receive)
                  000009e4    000000c0     pru_rpmsg_lib.object (.text:RPMSGinitialize)
                  00000aa4    0000008c     rtspruv3_le.lib : divi_c.obj (.text:__pruabi_divi)
                  00000b30    00000088     LTC1859.object (.text:LTC1859readout)
                  00000bb8    00000084     pru_rpmsg_lib.object (.text:RPMSGdoublecollect32)
                  00000c3c    0000007c     rtspruv3_le.lib : atoi.obj (.text:atoi)
                  00000cb8    0000006c     LTC1859.object (.text:LTC1859transfer)
                  00000d24    00000060     rpmsg_lib.lib : pru_rpmsg.object (.text:pru_rpmsg_init)
                  00000d84    00000060                   : pru_virtqueue.object (.text:pru_virtqueue_get_avail_buf)
                  00000de4    00000060                   : pru_virtqueue.object (.text:pru_virtqueue_init)
                  00000e44    0000005c     pru_peripheral.object (.text:IEPinitialize)
                  00000ea0    0000005c     rpmsg_lib.lib : pru_rpmsg.object (.text:pru_rpmsg_channel)
                  00000efc    0000005c                   : pru_virtqueue.object (.text:pru_virtqueue_add_used_buf)
                  00000f58    00000054     pru_rpmsg_lib.object (.text:RPMSGreceive)
                  00000fac    00000050     LTC1859.object (.text:LTC1859initialize)
                  00000ffc    00000044     pru_peripheral.object (.text:INTERNCOMlisten)
                  00001040    00000044     pru_rpmsg_lib.object (.text:RPMSGtransmit_32double)
                  00001084    00000034     LTC1859.object (.text:LTC1859conversion)
                  000010b8    00000034     rtspruv3_le.lib : memcpy.obj (.text)
                  000010ec    00000028     pru_peripheral.object (.text:IEPclear)
                  00001114    00000028     rpmsg_lib.lib : pru_virtqueue.object (.text:pru_virtqueue_kick)
                  0000113c    0000001c     pru_peripheral.object (.text:INTCclear)
                  00001158    00000018     pru_peripheral.object (.text:IEPstart)
                  00001170    00000014     pru_peripheral.object (.text:INTERNCOMpoke)
                  00001184    00000014     pru_peripheral.object (.text:PRCMinitialize)
                  00001198    00000008     rtspruv3_le.lib : exit.obj (.text:abort)
                  000011a0    00000008                     : exit.obj (.text:loader_exit)

.bss       1    00000000    0000023c     UNINITIALIZED
                  00000000    000001f0     (.common:blk32double)
                  000001f0    0000003c     (.common:transport)
                  0000022c    00000004     (.common:input)
                  00000230    00000004     (.common:status)
                  00000234    00000002     (.common:dst)
                  00000236    00000002     (.common:len)
                  00000238    00000002     (.common:src)
                  0000023a    00000001     (.common:INTERNCOM_status)
                  0000023b    00000001     (.common:state)

.rofardata 
*          1    0000023c    00000101     
                  0000023c    00000101     rtspruv3_le.lib : ctype.obj (.rofardata:.string:_ctypes_)

.stack     1    00000340    00000100     UNINITIALIZED
                  00000340    00000004     rtspruv3_le.lib : boot.obj (.stack)
                  00000344    000000fc     --HOLE--

.data      1    000004bc    00000020     
                  000004bc    00000010     pru_rpmsg_lib.object (.data)
                  000004cc    0000000c     Main.object (.data)
                  000004d8    00000004     pru_rpmsg_lib.object (.data:pru_intc_map)

.cinit     1    00000000    00000000     UNINITIALIZED

.rodata    1    000004dc    00000020     
                  000004dc    00000018     pru_rpmsg_lib.object (.rodata:.string)
                  000004f4    00000008     LTC1859.object (.rodata:.string:$P$T30$1)

.resource_table 
*          1    00000440    0000007c     
                  00000440    0000007c     pru_rpmsg_lib.object (.resource_table:retain)

.creg.PRU_INTC.noload.near 
*          2    00020000    00000000     NOLOAD SECTION

.creg.PRU_INTC.near 
*          2    00020000    00000000     UNINITIALIZED

.creg.PRU_INTC.noload.far 
*          2    00020000    00001504     NOLOAD SECTION
                  00020000    00001504     Main.object (.creg.PRU_INTC.noload.far)

.creg.PRU_INTC.far 
*          2    00021504    00000000     UNINITIALIZED

.creg.PRU_CFG.noload.near 
*          2    00026000    00000044     NOLOAD SECTION
                  00026000    00000044     Main.object (.creg.PRU_CFG.noload.near)

.creg.PRU_CFG.near 
*          2    00026044    00000000     UNINITIALIZED

.creg.PRU_CFG.noload.far 
*          2    00026044    00000000     NOLOAD SECTION

.creg.PRU_CFG.far 
*          2    00026044    00000000     UNINITIALIZED

.creg.PRU_IEP.noload.near 
*          2    0002e000    00000000     NOLOAD SECTION

.creg.PRU_IEP.near 
*          2    0002e000    00000000     UNINITIALIZED

.creg.PRU_IEP.noload.far 
*          2    0002e000    0000031c     NOLOAD SECTION
                  0002e000    0000031c     Main.object (.creg.PRU_IEP.noload.far)

.creg.PRU_IEP.far 
*          2    0002e31c    00000000     UNINITIALIZED

.creg.MCSPI0.noload.near 
*          2    48030000    00000000     NOLOAD SECTION

.creg.MCSPI0.near 
*          2    48030000    00000000     UNINITIALIZED

.creg.MCSPI0.noload.far 
*          2    48030000    000001a4     NOLOAD SECTION
                  48030000    000001a4     Main.object (.creg.MCSPI0.noload.far)

.creg.MCSPI0.far 
*          2    480301a4    00000000     UNINITIALIZED


SEGMENT ATTRIBUTES

    id tag      seg value
    -- ---      --- -----
     0 PHA_PAGE 1   1    
     1 PHA_PAGE 2   1    
     2 PHA_PAGE 3   1    
     3 PHA_PAGE 4   1    
     4 PHA_PAGE 5   1    


GLOBAL SYMBOLS: SORTED ALPHABETICALLY BY Name 

page  address   name                         
----  -------   ----                         
0     000011a0  C$$EXIT                      
2     00026000  CT_CFG                       
2     0002e000  CT_IEP                       
2     00020000  CT_INTC                      
2     48030000  CT_MCSPI0                    
0     000010ec  IEPclear                     
0     00000e44  IEPinitialize                
0     00001158  IEPstart                     
0     0000113c  INTCclear                    
0     00000014  INTCinitialize               
1     0000023a  INTERNCOM_status             
0     00000ffc  INTERNCOMlisten              
0     00001170  INTERNCOMpoke                
0     00001084  LTC1859conversion            
0     00000fac  LTC1859initialize            
0     00000b30  LTC1859readout               
0     00000cb8  LTC1859transfer              
0     00000354  McSPIinitialze               
0     00001184  PRCMinitialize               
0     00000bb8  RPMSGdoublecollect32         
0     000009e4  RPMSGinitialize              
0     00000f58  RPMSGreceive                 
0     00001040  RPMSGtransmit_32double       
abs   481cc000  __PRU_CREG_BASE_DCAN0        
abs   481d0000  __PRU_CREG_BASE_DCAN1        
abs   80000000  __PRU_CREG_BASE_DDR          
abs   48040000  __PRU_CREG_BASE_DMTIMER2     
abs   4a100000  __PRU_CREG_BASE_GEMAC        
abs   4802a000  __PRU_CREG_BASE_I2C1         
abs   4819c000  __PRU_CREG_BASE_I2C2         
abs   40000000  __PRU_CREG_BASE_L3OCMC       
abs   480c8000  __PRU_CREG_BASE_MBX0         
abs   46000000  __PRU_CREG_BASE_MCASP0_DMA   
abs   48030000  __PRU_CREG_BASE_MCSPI0       
abs   481a0000  __PRU_CREG_BASE_MCSPI1       
abs   48060000  __PRU_CREG_BASE_MMCHS0       
abs   00026000  __PRU_CREG_BASE_PRU_CFG      
abs   00000000  __PRU_CREG_BASE_PRU_DMEM_0_1 
abs   00002000  __PRU_CREG_BASE_PRU_DMEM_1_0 
abs   00030000  __PRU_CREG_BASE_PRU_ECAP     
abs   0002e000  __PRU_CREG_BASE_PRU_IEP      
abs   00020000  __PRU_CREG_BASE_PRU_INTC     
abs   00010000  __PRU_CREG_BASE_PRU_SHAREDMEM
abs   00028000  __PRU_CREG_BASE_PRU_UART     
abs   48300000  __PRU_CREG_BASE_PWMSS0       
abs   48302000  __PRU_CREG_BASE_PWMSS1       
abs   48304000  __PRU_CREG_BASE_PWMSS2       
abs   48318000  __PRU_CREG_BASE_RSVD10       
abs   48310000  __PRU_CREG_BASE_RSVD13       
abs   00032400  __PRU_CREG_BASE_RSVD21       
abs   00032000  __PRU_CREG_BASE_RSVD27       
abs   480ca000  __PRU_CREG_BASE_SPINLOCK     
abs   49000000  __PRU_CREG_BASE_TPCC         
abs   48022000  __PRU_CREG_BASE_UART1        
abs   48024000  __PRU_CREG_BASE_UART2        
abs   0000000e  __PRU_CREG_DCAN0             
abs   0000000f  __PRU_CREG_DCAN1             
abs   0000001f  __PRU_CREG_DDR               
abs   00000001  __PRU_CREG_DMTIMER2          
abs   00000009  __PRU_CREG_GEMAC             
abs   00000002  __PRU_CREG_I2C1              
abs   00000011  __PRU_CREG_I2C2              
abs   0000001e  __PRU_CREG_L3OCMC            
abs   00000016  __PRU_CREG_MBX0              
abs   00000008  __PRU_CREG_MCASP0_DMA        
abs   00000006  __PRU_CREG_MCSPI0            
abs   00000010  __PRU_CREG_MCSPI1            
abs   00000005  __PRU_CREG_MMCHS0            
abs   00000004  __PRU_CREG_PRU_CFG           
abs   00000018  __PRU_CREG_PRU_DMEM_0_1      
abs   00000019  __PRU_CREG_PRU_DMEM_1_0      
abs   00000003  __PRU_CREG_PRU_ECAP          
abs   0000001a  __PRU_CREG_PRU_IEP           
abs   00000000  __PRU_CREG_PRU_INTC          
abs   0000001c  __PRU_CREG_PRU_SHAREDMEM     
abs   00000007  __PRU_CREG_PRU_UART          
abs   00000012  __PRU_CREG_PWMSS0            
abs   00000013  __PRU_CREG_PWMSS1            
abs   00000014  __PRU_CREG_PWMSS2            
abs   0000000a  __PRU_CREG_RSVD10            
abs   0000000d  __PRU_CREG_RSVD13            
abs   00000015  __PRU_CREG_RSVD21            
abs   0000001b  __PRU_CREG_RSVD27            
abs   00000017  __PRU_CREG_SPINLOCK          
abs   0000001d  __PRU_CREG_TPCC              
abs   0000000b  __PRU_CREG_UART1             
abs   0000000c  __PRU_CREG_UART2             
1     00000440  __TI_STACK_END               
abs   00000100  __TI_STACK_SIZE              
abs   ffffffff  __binit__                    
abs   ffffffff  __c_args__                   
0     00000aa4  __pruabi_divi                
0     00000670  __pruabi_divu                
0     0000085c  __pruabi_remu                
0     00000000  _c_int00_noinit_noargs_noexit
1     0000023c  _ctypes_                     
1     00000340  _stack                       
0     00001198  abort                        
0     00000c3c  atoi                         
abs   ffffffff  binit                        
1     00000000  blk32double                  
1     000004d0  dMEM0                        
1     000004d4  dMEM1                        
1     00000234  dst                          
1     0000022c  input                        
1     00000236  len                          
0     00000500  main                         
0     000010b8  memcpy                       
1     000004be  pack16                       
1     000004c2  pack32                       
1     000004ca  packdouble                   
1     000004c6  packtriple                   
1     000004d8  pru_intc_map                 
0     00000ea0  pru_rpmsg_channel            
0     00000d24  pru_rpmsg_init               
0     00000920  pru_rpmsg_receive            
0     00000784  pru_rpmsg_send               
0     00000efc  pru_virtqueue_add_used_buf   
0     00000d84  pru_virtqueue_get_avail_buf  
0     00000de4  pru_virtqueue_init           
0     00001114  pru_virtqueue_kick           
1     00000440  resourceTable                
1     000004cc  sMEM                         
1     00000238  src                          
1     0000023b  state                        
1     00000230  status                       
1     000001f0  transport                    
1     000004bc  var16                        
1     000004c0  var32                        
1     000004c8  vardouble                    
1     000004c4  vartriple                    


GLOBAL SYMBOLS: SORTED BY Symbol Address 

page  address   name                         
----  -------   ----                         
0     00000000  _c_int00_noinit_noargs_noexit
0     00000014  INTCinitialize               
0     00000354  McSPIinitialze               
0     00000500  main                         
0     00000670  __pruabi_divu                
0     00000784  pru_rpmsg_send               
0     0000085c  __pruabi_remu                
0     00000920  pru_rpmsg_receive            
0     000009e4  RPMSGinitialize              
0     00000aa4  __pruabi_divi                
0     00000b30  LTC1859readout               
0     00000bb8  RPMSGdoublecollect32         
0     00000c3c  atoi                         
0     00000cb8  LTC1859transfer              
0     00000d24  pru_rpmsg_init               
0     00000d84  pru_virtqueue_get_avail_buf  
0     00000de4  pru_virtqueue_init           
0     00000e44  IEPinitialize                
0     00000ea0  pru_rpmsg_channel            
0     00000efc  pru_virtqueue_add_used_buf   
0     00000f58  RPMSGreceive                 
0     00000fac  LTC1859initialize            
0     00000ffc  INTERNCOMlisten              
0     00001040  RPMSGtransmit_32double       
0     00001084  LTC1859conversion            
0     000010b8  memcpy                       
0     000010ec  IEPclear                     
0     00001114  pru_virtqueue_kick           
0     0000113c  INTCclear                    
0     00001158  IEPstart                     
0     00001170  INTERNCOMpoke                
0     00001184  PRCMinitialize               
0     00001198  abort                        
0     000011a0  C$$EXIT                      
1     00000000  blk32double                  
1     000001f0  transport                    
1     0000022c  input                        
1     00000230  status                       
1     00000234  dst                          
1     00000236  len                          
1     00000238  src                          
1     0000023a  INTERNCOM_status             
1     0000023b  state                        
1     0000023c  _ctypes_                     
1     00000340  _stack                       
1     00000440  __TI_STACK_END               
1     00000440  resourceTable                
1     000004bc  var16                        
1     000004be  pack16                       
1     000004c0  var32                        
1     000004c2  pack32                       
1     000004c4  vartriple                    
1     000004c6  packtriple                   
1     000004c8  vardouble                    
1     000004ca  packdouble                   
1     000004cc  sMEM                         
1     000004d0  dMEM0                        
1     000004d4  dMEM1                        
1     000004d8  pru_intc_map                 
2     00020000  CT_INTC                      
2     00026000  CT_CFG                       
2     0002e000  CT_IEP                       
2     48030000  CT_MCSPI0                    
abs   00000000  __PRU_CREG_BASE_PRU_DMEM_0_1 
abs   00000000  __PRU_CREG_PRU_INTC          
abs   00000001  __PRU_CREG_DMTIMER2          
abs   00000002  __PRU_CREG_I2C1              
abs   00000003  __PRU_CREG_PRU_ECAP          
abs   00000004  __PRU_CREG_PRU_CFG           
abs   00000005  __PRU_CREG_MMCHS0            
abs   00000006  __PRU_CREG_MCSPI0            
abs   00000007  __PRU_CREG_PRU_UART          
abs   00000008  __PRU_CREG_MCASP0_DMA        
abs   00000009  __PRU_CREG_GEMAC             
abs   0000000a  __PRU_CREG_RSVD10            
abs   0000000b  __PRU_CREG_UART1             
abs   0000000c  __PRU_CREG_UART2             
abs   0000000d  __PRU_CREG_RSVD13            
abs   0000000e  __PRU_CREG_DCAN0             
abs   0000000f  __PRU_CREG_DCAN1             
abs   00000010  __PRU_CREG_MCSPI1            
abs   00000011  __PRU_CREG_I2C2              
abs   00000012  __PRU_CREG_PWMSS0            
abs   00000013  __PRU_CREG_PWMSS1            
abs   00000014  __PRU_CREG_PWMSS2            
abs   00000015  __PRU_CREG_RSVD21            
abs   00000016  __PRU_CREG_MBX0              
abs   00000017  __PRU_CREG_SPINLOCK          
abs   00000018  __PRU_CREG_PRU_DMEM_0_1      
abs   00000019  __PRU_CREG_PRU_DMEM_1_0      
abs   0000001a  __PRU_CREG_PRU_IEP           
abs   0000001b  __PRU_CREG_RSVD27            
abs   0000001c  __PRU_CREG_PRU_SHAREDMEM     
abs   0000001d  __PRU_CREG_TPCC              
abs   0000001e  __PRU_CREG_L3OCMC            
abs   0000001f  __PRU_CREG_DDR               
abs   00000100  __TI_STACK_SIZE              
abs   00002000  __PRU_CREG_BASE_PRU_DMEM_1_0 
abs   00010000  __PRU_CREG_BASE_PRU_SHAREDMEM
abs   00020000  __PRU_CREG_BASE_PRU_INTC     
abs   00026000  __PRU_CREG_BASE_PRU_CFG      
abs   00028000  __PRU_CREG_BASE_PRU_UART     
abs   0002e000  __PRU_CREG_BASE_PRU_IEP      
abs   00030000  __PRU_CREG_BASE_PRU_ECAP     
abs   00032000  __PRU_CREG_BASE_RSVD27       
abs   00032400  __PRU_CREG_BASE_RSVD21       
abs   40000000  __PRU_CREG_BASE_L3OCMC       
abs   46000000  __PRU_CREG_BASE_MCASP0_DMA   
abs   48022000  __PRU_CREG_BASE_UART1        
abs   48024000  __PRU_CREG_BASE_UART2        
abs   4802a000  __PRU_CREG_BASE_I2C1         
abs   48030000  __PRU_CREG_BASE_MCSPI0       
abs   48040000  __PRU_CREG_BASE_DMTIMER2     
abs   48060000  __PRU_CREG_BASE_MMCHS0       
abs   480c8000  __PRU_CREG_BASE_MBX0         
abs   480ca000  __PRU_CREG_BASE_SPINLOCK     
abs   4819c000  __PRU_CREG_BASE_I2C2         
abs   481a0000  __PRU_CREG_BASE_MCSPI1       
abs   481cc000  __PRU_CREG_BASE_DCAN0        
abs   481d0000  __PRU_CREG_BASE_DCAN1        
abs   48300000  __PRU_CREG_BASE_PWMSS0       
abs   48302000  __PRU_CREG_BASE_PWMSS1       
abs   48304000  __PRU_CREG_BASE_PWMSS2       
abs   48310000  __PRU_CREG_BASE_RSVD13       
abs   48318000  __PRU_CREG_BASE_RSVD10       
abs   49000000  __PRU_CREG_BASE_TPCC         
abs   4a100000  __PRU_CREG_BASE_GEMAC        
abs   80000000  __PRU_CREG_BASE_DDR          
abs   ffffffff  __binit__                    
abs   ffffffff  __c_args__                   
abs   ffffffff  binit                        

[131 symbols]
